; Map created with FinalAlert 2(tm) Mission Editor
; Get it at http://www.westwood.com
; note that all comments were truncated

[Africans]
Name=Africans
Side=Nod
Color=DarkRed
Prefix=B
Suffix=Soviet
SmartAI=yes
CostUnitsMult=1
ParentCountry=Africans

[AircraftTypes]

[Alliance]
Name=Alliance
Side=GDI
Color=Gold
Prefix=G
Suffix=Allied
SmartAI=yes
CostUnitsMult=1
ParentCountry=Alliance

[Americans]
Name=Americans
Side=GDI
Color=Gold
Prefix=G
Suffix=Allied
SmartAI=yes
CostUnitsMult=1
ParentCountry=Americans

[Arabs]
Name=Arabs
Side=Nod
Color=DarkRed
Prefix=B
Suffix=Soviet
SmartAI=yes
CostUnitsMult=1
ParentCountry=Arabs

[British]
Name=British
Side=GDI
Color=Gold
Prefix=G
Suffix=Allied
SmartAI=yes
CostUnitsMult=1
ParentCountry=British

[Confederation]
Name=Confederation
Side=Nod
Color=DarkRed
Prefix=B
Suffix=Soviet
SmartAI=yes
CostUnitsMult=1
ParentCountry=Confederation

[French]
Name=French
Side=GDI
Color=Gold
Prefix=G
Suffix=Allied
SmartAI=yes
CostUnitsMult=1
ParentCountry=French

[Germans]
Name=Germans
Side=GDI
Color=Gold
Prefix=G
Suffix=Allied
SmartAI=yes
CostUnitsMult=1
ParentCountry=Germans

[Neutral]
Name=Neutral
Side=Civilian
Color=Grey
Prefix=C
Suffix=CIV
SmartAI=yes
CostUnitsMult=1
ParentCountry=Neutral

[Russians]
Name=Russians
Side=Nod
Color=DarkRed
Prefix=B
Suffix=Soviet
SmartAI=yes
CostUnitsMult=1
ParentCountry=Russians

[Special]
Name=Special
Side=Mutant
Color=Grey
Prefix=J
Suffix=JP
SmartAI=yes
CostUnitsMult=1
ParentCountry=Special

[YuriCountry]
Name=YuriCountry
Side=ThirdSide
Color=DarkRed
Prefix=B
Suffix=Soviet
SmartAI=yes
CostUnitsMult=1
ParentCountry=YuriCountry


[Preview]

[PreviewPack]

[01000022]
0=1,LCRF
1=5,E1
2=1,TANY
Name=兩棲運輸艇 1 美國大兵 5 譚雅 1
Group=-1

[01000023]
0=1,LCRF
Name=兩棲運輸艇 1
Group=-1

[01000024]
0=1,TANY
Name=譚雅 1
Group=-1

[01000025]
0=3,1
1=8,2
2=39,0
3=5,5
4=39,1
Name=兩棲運輸艇 1 美國大兵 5 譚雅 1

[01000026]
0=3,0
1=37,0
Name=兩棲運輸艇 1

[01000027]
0=3,2
1=50,100
Name=譚雅 1

[01000028]
Max=5
Full=yes
Name=兩棲運輸艇 1 美國大兵 5 譚雅 1
Group=-1
House=Germans
Script=01000025
Whiner=no
Droppod=no
Suicide=no
Loadable=no
Prebuild=no
Priority=5
Waypoint=A
Annoyance=no
IonImmune=no
Recruiter=no
Reinforce=no
TaskForce=01000022
TechLevel=0
Aggressive=no
Autocreate=yes
GuardSlower=no
OnTransOnly=no
AvoidThreats=no
LooseRecruit=no
VeteranLevel=1
IsBaseDefense=no
UseTransportOrigin=no
MindControlDecision=0
OnlyTargetHouseEnemy=no
TransportsReturnOnUnload=no
AreTeamMembersRecruitable=no

[01000031]
Max=5
Full=no
Name=兩棲運輸艇 1
Group=-1
House=Germans
Script=01000026
Whiner=no
Droppod=no
Suicide=no
Loadable=no
Prebuild=no
Priority=5
Waypoint=B
Annoyance=no
IonImmune=no
Recruiter=no
Reinforce=no
TaskForce=01000023
TechLevel=0
Aggressive=no
Autocreate=no
GuardSlower=no
OnTransOnly=no
AvoidThreats=no
LooseRecruit=no
VeteranLevel=1
IsBaseDefense=no
UseTransportOrigin=no
MindControlDecision=0
OnlyTargetHouseEnemy=no
TransportsReturnOnUnload=no
AreTeamMembersRecruitable=no

[01000036]
Max=5
Full=no
Name=譚雅 1
Group=-1
House=Germans
Script=01000027
Whiner=no
Droppod=no
Suicide=no
Loadable=no
Prebuild=no
Priority=5
Waypoint=B
Annoyance=no
IonImmune=no
Recruiter=no
Reinforce=no
TaskForce=01000024
TechLevel=0
Aggressive=no
Autocreate=no
GuardSlower=no
OnTransOnly=no
AvoidThreats=no
LooseRecruit=no
VeteranLevel=1
IsBaseDefense=no
UseTransportOrigin=no
MindControlDecision=0
OnlyTargetHouseEnemy=no
TransportsReturnOnUnload=no
AreTeamMembersRecruitable=no

[AITriggerTypesEnable]
043F40BC-G=yes
043F521C-G=yes
043F874C-G=yes
044082BC-G=yes
05CB5B6C-G=yes
05CB830C-G=yes
05CBAEDC-G=yes
05CBC04C-G=yes
05CBC19C-G=yes
05CBC2EC-G=yes
05FC088C-G=yes
05FC0C9C-G=yes
05FC13EC-G=yes
05FC1A8C-G=yes
05FC1C5C-G=yes
05FC333C-G=yes
05FC37CC-G=yes
05FC3C9C-G=yes
05FC50EC-G=yes
05FC747C-G=yes
05FC75CC-G=yes
05FFA7DC-G=yes
05FFB18C-G=yes
06002BFC-G=yes
0611A1EC-G=yes
0611A33C-G=yes
0612B11C-G=yes
0612CD8C-G=yes
0612EAEC-G=yes
0612F46C-G=yes
0612F9AC-G=yes
0616004C-G=yes
06C551AC-G=yes
078F4B2C-G=yes
07C04C7C-G=yes
07C04EDC-G=yes
07C0B14C-G=yes
07C30A5C-G=yes
07C310BC-G=yes
07C3266C-G=yes
07C329FC-G=yes
07C330CC-G=yes
07C33DDC-G=yes
07C4853C-G=yes
08A3EEDC-G=yes
08B902EC-G=yes
08B90B1C-G=yes
08B911BC-G=yes
08B9154C-G=yes
08B9213C-G=yes
08B9305C-G=yes
08B9356C-G=yes
08B940EC-G=yes
08B9423C-G=yes
08B9483C-G=yes
08B9586C-G=yes
08B9641C-G=yes
08B9708C-G=yes
08B9767C-G=yes
08B97C6C-G=yes
0A31295C-G=yes
0A44F17C-G=yes
0A44F2CC-G=yes
0A452C6C-G=yes
0A452E5C-G=yes
0AA845AC-G=yes
0AA846FC-G=yes
0ABC484C-G=yes
0AD2BAEC-G=yes
0C0C7AEC-G=yes
0C0D184C-G=yes
0C0D251C-G=yes
0C1245AC-G=yes
0C1246FC-G=yes
0C32599C-G=yes
0C32D84C-G=yes
0C87B45C-G=yes
0C87B99C-G=yes
0C87E5AC-G=yes
0C8B81BC-G=yes
0C8BC5AC-G=yes
0C8C2AEC-G=yes
0C8C2C3C-G=yes
0C8C430C-G=yes
0C8C4C3C-G=yes
0C8C51BC-G=yes
0C8C56FC-G=yes
0C8C645C-G=yes
0C8C6EDC-G=yes
0C8C71BC-G=yes
0C8E2C3C-G=yes
0C8EE1BC-G=yes
0C8EEAEC-G=yes
0C8EEEDC-G=yes
0C91D45C-G=yes
0C92C1BC-G=yes
0C92C45C-G=yes
0C955AEC-G=yes
0C955C3C-G=yes
0C9561BC-G=yes
0C9565AC-G=yes
0C96F45C-G=yes
0C96F5AC-G=yes
0CA1F84C-G=yes
0CA24D8C-G=yes
0CA2A04C-G=yes
0CA2B06C-G=yes
0CA2D99C-G=yes
0CA2FEDC-G=yes
0CA5945C-G=yes
0CA6621C-G=yes
0CA6AEDC-G=yes
0CAD0B2C-G=yes
0CAD0C7C-G=yes
0CAD0DCC-G=yes
0CAD130C-G=yes
0CAD145C-G=yes
0CAD25AC-G=yes
0CAD2AEC-G=yes
0CAD2C3C-G=yes
0CAD5AEC-G=yes
0CADD99C-G=yes
0CADDEDC-G=yes
0CB29EDC-G=yes
0CB2CEDC-G=yes
0CDF899C-G=yes
0CDF8D8C-G=yes
0CDF8EDC-G=yes
0CE2395C-G=yes
0CE23AAC-G=yes
0CE26B5C-G=yes
0CE26CAC-G=yes
0CE2E8DC-G=yes
0CE2EA2C-G=yes
0CE44D0C-G=yes
0D022B1C-G=yes
0D022C6C-G=yes
0D052AEC-G=yes
0D0803CC-G=yes
0D08461C-G=yes
0D0848BC-G=yes
0D084A0C-G=yes
0D084B5C-G=yes
0D0873DC-G=yes
0D087D8C-G=yes
0D0B3B9C-G=yes
0D2769BC-G=yes
0D2C41EC-G=yes
0D2C448C-G=yes
0D2C45DC-G=yes
0D53099C-G=yes
0D53130C-G=yes
0D53430C-G=yes
0D535EDC-G=yes
0D62145C-G=yes
0D6215AC-G=yes
0D6216FC-G=yes
0D62199C-G=yes
0ECCB2BC-G=yes
0ECCB40C-G=yes
0ECCB55C-G=yes
0ECCB7FC-G=yes
0ECCBC3C-G=yes
0ECCF14C-G=yes
0ECCF29C-G=yes
0ECCF68C-G=yes
0ECCFA7C-G=yes
0ECCFCAC-G=yes

[Actions]
01000000=3,3,0,1,0,0,0,0,A,13,0,1,0,0,0,0,A,74,0,1,0,0,0,0,A
01000002=3,3,0,2,0,0,0,0,A,13,0,2,0,0,0,0,A,74,0,2,0,0,0,0,A
01000004=3,3,0,3,0,0,0,0,A,13,0,3,0,0,0,0,A,74,0,3,0,0,0,0,A
01000006=3,3,0,4,0,0,0,0,A,13,0,4,0,0,0,0,A,74,0,4,0,0,0,0,A
01000008=3,3,0,5,0,0,0,0,A,13,0,5,0,0,0,0,A,74,0,5,0,0,0,0,A
01000010=3,3,0,6,0,0,0,0,A,13,0,6,0,0,0,0,A,74,0,6,0,0,0,0,A
01000012=3,3,0,7,0,0,0,0,A,13,0,7,0,0,0,0,A,74,0,7,0,0,0,0,A
01000014=3,3,0,8,0,0,0,0,A,13,0,8,0,0,0,0,A,74,0,8,0,0,0,0,A
01000016=3,3,0,9,0,0,0,0,A,13,0,9,0,0,0,0,A,74,0,9,0,0,0,0,A
01000018=3,3,0,12,0,0,0,0,A,13,0,12,0,0,0,0,A,74,0,12,0,0,0,0,A
01000020=3,3,0,13,0,0,0,0,A,13,0,13,0,0,0,0,A,74,0,13,0,0,0,0,A
01000029=1,80,1,01000028,0,0,0,0,A
01000032=1,4,1,01000031,0,0,0,0,A
01000034=1,4,1,01000036,0,0,0,0,A
01000037=1,16,0,0,0,0,0,0,A

[Africans House]
IQ=5
Edge=North
Color=DarkRed
Allies=Africans House
Country=Africans
Credits=0
NodeCount=0
TechLevel=10
PercentBuilt=100
PlayerControl=no

[Alliance House]
IQ=5
Edge=North
Color=Gold
Allies=Alliance House
Country=Alliance
Credits=0
NodeCount=0
TechLevel=10
PercentBuilt=100
PlayerControl=no

[Americans House]
IQ=0
Edge=North
Color=Gold
Allies=Americans House
Country=Americans
Credits=0
NodeCount=0
TechLevel=10
PercentBuilt=100
PlayerControl=yes

[Arabs House]
IQ=5
Edge=North
Color=DarkRed
Allies=Arabs House
Country=Arabs
Credits=0
NodeCount=0
TechLevel=10
PercentBuilt=100
PlayerControl=no

[Basic]
Name=No name
Player=Americans House
Percent=0
GameMode=standard
HomeCell=98
InitTime=10000
Official=no
EndOfGame=no
FreeRadar=yes
MaxPlayer=3
MinPlayer=2
SkipScore=no
TrainCrate=no
TruckCrate=no
AltHomeCell=99
OneTimeOnly=no
CarryOverCap=0
NewINIFormat=4
NextScenario=
SkipMapSelect=no
CarryOverMoney=0.000000
AltNextScenario=
MultiplayerOnly=0
IceGrowthEnabled=yes
VeinGrowthEnabled=yes
TiberiumGrowthEnabled=yes
IgnoreGlobalAITriggers=no
TiberiumDeathToVisceroid=no

[British House]
IQ=5
Edge=North
Color=Gold
Allies=British House
Country=British
Credits=0
NodeCount=0
TechLevel=10
PercentBuilt=100
PlayerControl=no

[CellTags]

[Confederation House]
IQ=5
Edge=North
Color=DarkRed
Allies=Confederation House
Country=Confederation
Credits=0
NodeCount=0
TechLevel=10
PercentBuilt=100
PlayerControl=no

[Countries]
0=Americans
1=Alliance
2=French
3=Germans
4=British
5=Africans
6=Arabs
7=Confederation
8=Russians
9=YuriCountry
12=Neutral
13=Special

[Events]
01000000=1,13,0,10
01000002=1,13,0,10
01000004=1,13,0,10
01000006=1,13,0,10
01000008=1,13,0,10
01000010=1,13,0,10
01000012=1,13,0,10
01000014=1,13,0,10
01000016=1,13,0,10
01000018=1,13,0,10
01000020=1,13,0,10
01000029=1,13,0,10
01000032=1,36,0,0
01000034=1,36,0,1
01000037=1,8,0,0

[French House]
IQ=5
Edge=North
Color=Gold
Allies=French House
Country=French
Credits=0
NodeCount=0
TechLevel=10
PercentBuilt=100
PlayerControl=no

[Germans House]
IQ=5
Edge=North
Color=DarkBlue
Allies=Germans House
Country=Germans
Credits=0
NodeCount=0
TechLevel=10
PercentBuilt=100
PlayerControl=no

[Houses]
0=Americans House
1=Alliance House
2=French House
3=Germans House
4=British House
5=Africans House
6=Arabs House
7=Confederation House
8=Russians House
9=YuriCountry House
12=Neutral House
13=Special House

[IsoMapPack5]
1=HQ4AIAkyAAEAPAEAAAIAADFTAP//AGEAMkoBPAFmAQAzyAFUAQEwAAMAwQQxKCkAMkgBbA
2=VFCDPIAQEDAAA0SQE6TAZXAi8ABPkGMCgpADEoKQAySQE7TAVdDTPIAVUBNEgBfApVAjXI
3=AVcCLgAF8QkvKCkAMCgpADEoKQAySAF8Ck0QM8gBhhMFAHwKVQI1VAJoAVUCNkgBzwUtAA
4=bpDC4oKQAvKCkAMCgpADEoKQAySAFkHl0VM8gBXRU0SAF8ClUCNcgBVQI2SAHNBTfIAVcC
5=LAAH4Q8tKCkALigpAC8oKQAwKCkAMSgpADJIAXwKTRszyAFNGzRIAWwQVQI1yAFVAjZIAc
6=0FN8gBVQI4SQE+TBFPBSsACPkRLCgpAC0oKQAuKCkALygpADAoKQAxKCkAMkgBfApdIDPI
7=AVUMNEgBbBBVAjXIAVUCNkgBzQU3yAFVAjhJAT1cAE0FOcgBVwEqAAnxFCsoKQAsKCkALS
8=gpAC4oKQAvKCkAMCgpADEoKQAySAFsEF0gM8gBVSM0SAF8FVUCNcgBVQI2SAHNBTfIAVUC
9=OEgBfBVNBTnIAVUCOkgBzzEpAArpFyooKQArKCkALCgpAC0oKQAuKCkALygpADAoKQAxKC
10=kAMkgBbBBNJjPIAU0mNEgBfBVVAjXIAVUCNsgBVQI3yAFVAjjIAVUCOcgBVQI6SAF8IFUC
11=O8gBVwIoAAvhGikoKQAqKCkAKygpACwoKQAtKCkALigpAC8oKQAwKCkAMSgpADJIAWwbXS
12=szyAFdKzRIAWwbVQI1yAFVAjbIAVUCN8gBVQI4yAFVAjnIAVUCOkgBbBtVAjvIAVUCPEgB
13=3wonAAz5HCgoKQApKCkAKigpACsoKQAsKCkALSgpAC4oKQAvKCkAMCgpADEoKQAySAF4lV
14=UuM8gBVS40SAF8IFUCNcgBVQI2SAF0GFUCN8gBVQI4SAF0GFUCOcgBVQI6SAHdCjvIAVUC
15=PEgBzQU9yAFXAiYADfEfJygpACgoKQApKCkAKigpACsoKQAsKCkALSgpAC4oKQAvKCkAMC
16=gpADEoKQAySAF8FUU0M8gBRTQ0SAF8IFUCNcgBVQI2SAF8IFUCN8gBVQI4SAFsG1UCOcgB
17=VQI6SAHdCjvIAVUCPEgBzQU9yAFVAj5IAd8KJQAO6SImKCkAJygpACgoKQApKCkAKigpAC
18=soKQAsKCkALSgpAC4oKQAvKCkAMCgpADEoKQAySAFkE008M8gBXTY0SAF0I1UCNcgBVQI2
19=SAFkHlUCN8gBVQI4yAFVAjnIAVUCOsgBVQI7yAFVAjxIAXQjVQI9yAFVAj5IAXScVQI/yA
20=FXAiQAD+ElJSgpACYoKQAnKCkAKCgpACkoKQAqKCkAKygpACwoKQAtKCkALigpAC8oKQAw
21=KCkAMSgpADJIAWwmXUEzyAFNPDRIAWwmVQI1yAFVAjZIAWwmVQI3yAFVAjjIAVUCOcgBVQ
22=I6yAFVAjvIAVUCPEgBbCZVAj3IAVUCPkgBbCZVAj/IAVUCQEgBzxAjABD5JyQoKQAlKCkA
23=JigpACcoKQAoKCkAKSgpACooKQArKCkALCgpAC0oKQAuKCkALygpADAoKQAxKCkAMkgBdB
24=hFPzPIAUU/NEgBZB5VAjXIAVUCNkgBdC5VAjfIAVUCOEgBZB5VAjnIAVUCOkgB3Qo7yAFV
25=AjxIAc0FPcgBVQI+SAHVDT/IAVUCQEgBzQVByAFXAiIAEfEqIygpACQoKQAlKCkAJigpAC
26=coKQAoKCkAKSgpACooKQArKCkALCgpAC0oKQAuKCkALygpADAoKQAxKCkAMkgBfCBVRDPI
27=AVVENEgBZB5VAjXIAVUCNkgBfCtVAjfIAVUCOEgBfCBVAjnIAVUCOkgB3Qo7yAFVAjxIAc
28=0FPcgBVQI+SAHVDT/IAVUCQEgBzQVByAFVAkJIAddlIQAS6S0iKCkAIygpACQoKQAlKCkA
29=JigpACcoKQAoKCkAKSgpACooKQArKCkALCgpAC0oKQAuKCkALygpADAoKQAxKCkAMkgBbB
30=tNUjPIAU1HNEgBfCBVAjXIAVUCNkgBZClVAjfIAVUCOEgBbDFVAjnIAVUCOkgBzQU7yAFV
31=AjxIAdUNPcgBVQI+SAFkKUUIP8gBVQJASAHFCEHIAVUCQkgB1Q1DyAFXAiAAE+EwISgpAC
32=IoKQAjKCkAJCgpACUoKQAmKCkAJygpACgoKQApKCkAKigpACsoKQAsKCkALSgpAC4oKQAv
33=KCkAMCgpADEoKQAySAF0I11XM8gBXUw0SAFsMVUCNcgBVQI2SAF0I1UCN8gBVQI4SAF0I1
34=UCOcgBVQI6SAHNBTvIAVUCPEgB1Q09yAFVAj5IAWwxRQg/yAFVAkBIAcUIQcgBVQJCSAHV
35=DUPIAVUCRMgBRwgfABT5MiAoKQAhKCkAIigpACMoKQAkKCkAJSgpACYoKQAnKCkAKCgpAC
36=koKQAqKCkAKygpACwoKQAtKCkALigpAC8oKQAwKCkAMSgpADJIAWQeRVUzyAFVTzRIAWwm
37=VQI1yAFVAjZIAWwmVQI3yAFVAjhIAXQ5VQI5yAFVAjpIAd0KO8gBVQI8SAHNBT3IAVUCPk
38=gB3Qo/yAFVAkDIAV0KQcgBVQJCSAFsPFUCQ8gBVQJESAHdCkXIAVcCHgAV8TUfKCkAICgp
39=ACEoKQAiKCkAIygpACQoKQAlKCkAJigpACcoKQAoKCkAKSgpACooKQArKCkALCgpAC0oKQ
40=AuKCkALygpADAoKQAxKCkAMkgBfCtNUjPIAUVVNEgBfDZVAjXIAVUCNkgBfCtVAjfIAVUC
41=OEgBbCZVAjnIAVUCOkgB3Qo7yAFVAjxIAc0FPcgBVQI+SAHdCj/IAVUCQMgBXQpByAFVAk
42=JIAXw2VQJDyAFVAkRIAd0KRcgBVQJGSAHXGB0AFuk4HigpAB8oKQAgKCkAISgpACIoKQAj
43=KCkAJCgpACUoKQAmKCkAJygpACgoKQApKCkAKigpACsoKQAsKCkALSgpAC4oKQAvKCkAMC
44=gpADEoKQAySAF0LlVaM8gBXVc0SAF8IFUCNcgBVQI2yAFVAjfIAVUCOEgBfCtVAjnIAVUC
45=OkgBfCtVAjvIAVUCPEgB3Qo9yAFVAj5IAc0FP8gBVQJAyAFFCEHIAVUCQkgBxQhDyAFVAk
46=RIAcUIRcgBVQJGSAF0REUIR8gBVwIcABfhOx0oKQAeKCkAHygpACAoKQAhKCkAIigpACMo
47=KQAkKCkAJSgpACYoKQAnKCkAKCgpACkoKQAqKCkAKygpACwoKQAtKCkALigpAC8oKQAwKC
48=kAMSgpADJIAWw8RWAzyAFNXTRIAWQpVQI1yAFVAjbIAVUCN8gBVQI4SAFsPFUCOcgBVQI6
49=SAF0LlUCO8gBVQI8SAHdCj3IAVUCPkgBzQU/yAFVAkDIAUUIQcgBVQJCSAHFCEPIAVUCRE
50=gBxQhFyAFVAkZIAWw8RQhHyAFVAkhIAcceGwAY+T0cKCkAHSgpAB4oKQAfKCkAICgpACEo
51=KQAiKCkAIygpACQoKQAlKCkAJigpACcoKQAoKCkAKSgpACooKQArKCkALCgpAC0oKQAuKC
52=kALygpADAoKQAxKCkAMkgBfCBFYDPIAUVgNEgBdDlVAjXIAVUCNkgBfCtVAjfIAVUCOEgB
53=bDFVAjnIAVUCOsgBVQI7yAFVAjzIAVUCPcgBVQI+SAHVDT/IAVUCQEgB1Q1ByAFVAkJIAd
54=0VQ8gBVQJESAFsPF0KRcgBVQJGyAFVAkfIAVUCSMgBVQJJyAFXAhoAGfFAGygpABwoKQAd
55=KCkAHigpAB8oKQAgKCkAISgpACIoKQAjKCkAJCgpACUoKQAmKCkAJygpACgoKQApKCkAKi
56=gpACsoKQAsKCkALSgpAC4oKQAvKCkAMCgpADEoKQAySAF8K1VlM8gBVWU0SAFkNFUCNcgB
57=VQI2SAFkNFUCN8gBVQI4SAF8QVUCOcgBVQI6yAFVAjvIAVUCPMgBVQI9yAFVAj5IAdUNP8
58=gBVQJASAHVDUHIAVUCQkgB3RVDyAFVAkRIAXxBXQpFyAFVAkbIAVUCR8gBVQJIyAFVAknI
59=AVUCSkgB3woZABrpQxooKQAbKCkAHCgpAB0oKQAeKCkAHygpACAoKQAhKCkAIigpACMoKQ
60=AkKCkAJSgpACYoKQAnKCkAKCgpACkoKQAqKCkAKygpACwoKQAtKCkALigpAC8oKQAwKCkA
61=MSgpADJIAWQ0TWgzyAFNaDRIAXQuVQI1yAFVAjZIAXxBVQI3yAFVAjjIAVUCOcgBVQI6SA
62=FsPFUCO8gBVQI8SAHVDT3IAVUCPkgBzQU/yAFVAkBIAc0FQcgBVQJCSAF0OV0KQ8gBVQJE
63=SAHNBUXIAVUCRkgB3RVHyAFVAkhIAdUNScgBVQJKSAHFHkvIAVcCGAAb4UYZKCkAGigpAB
64=soKQAcKCkAHSgpAB4oKQAfKCkAICgpACEoKQAiKCkAIygpACQoKQAlKCkAJigpACcoKQAo
65=KCkAKSgpACooKQArKCkALCgpAC0oKQAuKCkALygpADAoKQAxKCkAMkgBdC5dbTPIAV1tNE
66=gBZClVAjXIAVUCNkgBbDFVAjfIAVUCOMgBVQI5yAFVAjpIAWQ0VQI7yAFVAjxIAdUNPcgB
67=VQI+SAHNBT/IAVUCQEgBzQVByAFVAkJIAWxHXQpDyAFVAkRIAc0FRcgBVQJGSAHdFUfIAV
68=UCSEgB1Q1JyAFVAkpIAcUeS8gBVQJMSAHHCBcAHPlIGCgpABkoKQAaKCkAGygpABwoKQAd
69=KCkAHigpAB8oKQAgKCkAISgpACIoKQAjKCkAJCgpACUoKAAFJgAcAP//AAARAACsDQAgBg
70=AAACcAHAD//0ABAwAAKAAcAMkBKSgpACooKQArKCkALCgpAC0oKQAuKCkALygpADAoKQAx
71=KCkAMkoBPQGBDzPIAVUBNEkBPFwAXQI1yAFVATbIAVUCN8gBVQI4SQE7XABVAjnIAVUBOk
72=kBPlwAVQI7yAFVATxIAd0KPcgBVQI+SQE6XABNBT/IAVUBQEgBzQVByAFVAkJIAc0FQ8gB
73=VQJESAHNBUXIAVUCRkgBzRtHyAFVAkhIAcUIScgBVQJKyAFNEEvIAVUCTEgB3QpNyAFXAh
74=YAHeU0FygpABgoKQAZKCkAGigpABsoKQAcKCkAHSgpAB4oKQAfKCkAICgpACEoKQAiKCkA
75=IygpACQoKQAlKCkAJigpACcoKQAoKCkAKSgpACooKQArKCkALCgpAC0oKQAuKCkALygpAD
76=AoKQAxKCkAMkgBbDEBAgAAM8gBAQMAADRIAXwrVQI1yAFVAjbIAVUCN8gBVQI4SAF8TFUC
77=OcgBVQI6SAF8TFUCO8gBVQI8SAHdCj3IAVUCPkgBZD9NBT/IAVUCQEgBzQVByAFVAkJIAc
78=0FQ8gBVQJESAHNBUXIAVUCRkgBzRtHyAFVAkhIAcUIScgBVQJKyAFNEEvIAVUCTEgB3QpN
79=yAFVAk5IAcceFQAe6U4WKCkAFygpABgoKQAZKCkAGigpABsoKQAcKCkAHSgpAB4oKQAfKC
80=kAICgpACEoKQAiKCkAIygpACQoKQAlKCkAJigpACcoKQAoKCkAKSgpACooKQArKCkALCgp
81=AC0oKQAuKCkALygpADAoKQAxKCkAMkgBZClVezPIAV14NMgBVQI1yAFVAjZIAWwxVQI3yA
82=FVAjhIAWw8VQI5yAFVAjpIAWw8VQI7yAFVAjxIAcUIPcgBVQI+SAHNED/IAVUCQMgBRQhB
83=yAFVAkJIAcUIQ8gBVQJESAHFCEXIAVUCRkgBzRBHyAFVAkhIAd0VScgBVQJKSAHdCkvIAV
84=UCTEgBzQVNyAFVAk5IAWRrRRNPyAFXAhQAH+FRFSgpABYoKQAXKCkAGCgpABkoKQAaKCkA
85=GygpABwoKQAdKCkAHigpAB8oKQAgKCkAISgpACIoKQAjKCkAJCgpACUoKQAmKCkAJygpAC
86=goKQApKCkAKigpACsoKQAsKCkALSgpAC4oKQAvKCkAMCgpADEoKQAySAF0OUWBM8gBTX40
87=yAFVAjXIAVUCNkgBfDZVAjfIAVUCOEgBfDZVAjnIAVUCOkgBfEFVAjvIAVUCPEgBxQg9yA
88=FVAj5IAc0QP8gBVQJAyAFFCEHIAVUCQkgBxQhDyAFVAkRIAcUIRcgBVQJGSAHNEEfIAVUC
89=SEgB3RVJyAFVAkpIAd0KS8gBVQJMSAHNBU3IAVUCTkgBbFJFE0/IAVUCUEgBzxATACD5Ux
90=QoKQAVKCkAFigpABcoKQAYKCkAGSgpABooKQAbKCkAHCgpAB0oKQAeKCkAHygpACAoKQAh
91=KCkAIigpACMoKQAkKCkAJSgpACYoKQAnKCkAKCgpACkoKQAqKCkAKygpACwoKQAtKCkALi
92=gpAC8oKQAwKCkAMSgpADJIAXQuRYEzyAFFgTRIAXw2VQI1yAFVAjZIAWQ/VQI3yAFVAjjI
93=AVUCOcgBVQI6SAHFCDvIAVUCPEgB1Q09yAFVAj5IAXxBRQg/yAFVAkDIAVUCQcgBVQJCSA
94=F8QVUCQ8gBVQJESAHdCkXIAVUCRkgBzQVHyAFVAkhIAdUYScgBVQJKSAHdFUvIAVUCTEgB
95=3QpNyAFVAk5IAc0FT8gBVQJQSAHVGFHIAVcCEgAh8VYTKCkAFCgpABUoKQAWKCkAFygpAB
96=goKQAZKCkAGigpABsoKQAcKCkAHSgpAB4oKQAfKCkAICgpACEoKQAiKCkAIygpACQoKQAl
97=KCkAJigpACcoKQAoKCkAKSgpACooKQArKCkALCgpAC0oKQAuKCkALygpADAoKQAxKCkAMk
98=gBZDRVhjPIAVWGNEgBZDRVAjXIAVUCNkgBZD9VAjfIAVUCOMgBVQI5yAFVAjpIAcUIO8gB
99=VQI8SAHVDT3IAVUCPkgBZD9FCD/IAVUCQMgBVQJByAFVAkJIAWxSVQJDyAFVAkRIAd0KRc
100=gBVQJGSAHNBUfIAVUCSEgB1RhJyAFVAkpIAd0VS8gBVQJMSAHdCk3IAVUCTkgBzQVPyAFV
101=AlBIAdUYUcgBVQJSSAHHCBEAIulZEigpABMoKQAUKCkAFSgpABYoKQAXKCkAGCgpABkoKQ
102=AaKCkAGygpABwoKQAdKCkAHigpAB8oKQAgKCkAISgpACIoKQAjKCkAJCgpACUoKQAmKCkA
103=JygpACgoKQApKCkAKigpACsoKQAsKCkALSgpAC4oKQAvKCkAMCgpADEoKQAySAFkP1WcM8
104=gBTYk0SAFkP1UCNcgBVQI2yAFVAjfIAVUCOEgBbDxVAjnIAVUCOkgBxQg7yAFVAjxIAWw8
105=TQU9yAFVAj5IAc0QP8gBVQJASAHNBUHIAVUCQsgBRQhDyAFVAkRIAdUNRcgBVQJGSAHdCk
106=fIAVUCSMgBRQhJyAFVAkpIAdUYS8gBVQJMSAHFCE3IAVUCTsgBRQhPyAFVAlDIAVUCUcgB
107=VQJSyAFVAlPIAVcCEAAj4VwRKCkAEigpABMoKQAUKCkAFSgpABYoKQAXKCkAGCgpABkoKQ
108=AaKCkAGygpABwoKQAdKCkAHigpAB8oKQAgKCkAISgpACIoKQAjKCkAJCgpACUoKQAmKCkA
109=JygpACgoKQApKCkAKigpACsoKQAsKCkALSgpAC4oKQAvKCkAMCgpADEoKQAySAF0OUWiM8
110=gBXY40SAFsR1UCNcgBVQI2yAFVAjfIAVUCOEgBdERVAjnIAVUCOkgBxQg7yAFVAjxIAXxX
111=TQU9yAFVAj5IAc0QP8gBVQJASAHNBUHIAVUCQsgBRQhDyAFVAkRIAdUNRcgBVQJGSAHdCk
112=fIAVUCSMgBRQhJyAFVAkpIAdUYS8gBVQJMSAHFCE3IAVUCTsgBRQhPyAFVAlDIAVUCUcgB
113=VQJSyAFVAlPIAVUCVMgBVwIPACT5XhAoKQARKCkAEigpABMoKQAUKCkAFSgpABYoKQAXKC
114=kAGCgpABkoKQAaKCkAGygpABwoKQAdKCkAHigpAB8oKQAgKCkAISgpACIoKQAjKCkAJCgp
115=ACUoKQAmKCkAJygpACgoKQApKCkAKigpACsoKQAsKCkALSgpAC4oKQAvKCkAMCgpADEoKQ
116=AySAFsPFWRM8gBVZE0SAFkSlUCNcgBVQI2SAF09FUCN8gBVQI4SAFsR1UCOcgBVQI6SAHd
117=CjvIAVUCPEgBxQg9yAFVAj5IAc0FP8gBVQJASAHNBUHIAVUCQsgBVQ1DyAFVAkTIAVUCRc
118=gBVQJGSAHdCkfIAVUCSEgB3RVJyAFVAkpIAXxtRQhLyAFVAkzIAVUCTcgBVQJOSAHFE0/I
119=AVUCUMgBTQVRyAFVAlLIAVUCU8gBVQJUSAHNEFXIAVcCDgAl8WEPKCkAECgpABEoKQASKC
120=kAEygpABQoKQAVKCkAFigpABcoKQAYKCkAGSgpABooKQAbKCkAHCgpAB0oKQAeKCkAHygp
121=ACAoKQAhKCkAIigpACMoKQAkKCkAJSgpACYoKQAnKCkAKCgpACkoKQAqKCkAKygpACwoKQ
122=AtKCkALigpAC8oKQAwKCkAMSgpADJIAWxHTZQzyAFFlzRIAXxiVQI1yAFVAjZIAXxBVQI3
123=yAFVAjhIAWw8VQI5yAFVAjpIAd0KO8gBVQI8SAHFCD3IAVUCPkgBzQU/yAFVAkBIAc0FQc
124=gBVQJCyAFVDUPIAVUCRMgBVQJFyAFVAkZIAd0KR8gBVQJISAHdFUnIAVUCSkgBfGJFCEvI
125=AVUCTMgBVQJNyAFVAk5IAcUTT8gBVQJQyAFNBVHIAVUCUsgBVQJTyAFVAlRIAc0QVcgBVQ
126=JWSAHXLg0AJulkDigpAA8oKQAQKCkAESgpABIoKQATKCkAFCgpABUoKQAWKCkAFygpABgo
127=KQAZKCkAGigpABsoKQAcKCkAHSgpAB4oKQAfKCkAICgpACEoKQAiKCkAIygpACQoKQAlKC
128=kAJigpACcoKQAoKCkAKSgpACooKQArKCkALCgpAC0oKQAuKCkALygpADAoKQAxKCkAMkgB
129=ZEpVnDPIAV2ZNEgBdDlVAjXIAVUCNkgBdERVAjfIAVUCOMgBVQI5yAFVAjpIAWQ/VQI7yA
130=FVAjxIAcUIPcgBVQI+SAHVDT/IAVUCQEgBfFdFCEHIAVUCQkgB3QpDyAFVAkTIAU0FRcgB
131=VQJGSAHFCEfIAVUCSEgB1Q1JyAFVAkpIAc0FS8gBVQJMSAHVI03IAVUCTkgBzRBPyAFVAl
132=BIAcUIUcgBVQJSSAHFCFPIAVUCVEgB3SBVyAFVAlZIAd0KV8gBVwIMACfhZw0oKQAOKCkA
133=DygpABAoKQARKCkAEigpABMoKQAUKCkAFSgpABYoKQAXKCkAGCgpABkoKQAaKCkAGygpAB
134=woKQAdKCkAHigpAB8oKQAgKCkAISgpACIoKQAjKCkAJCgpACUoKQAmKCkAJygpACgoKQAp
135=KCkAKigpACsoKQAsKCkALSgpAC4oKQAvKCkAMCgpADEoKQAySAFsPEWiM8gBTZ80SAF8TF
136=UCNcgBVQI2SAFkP1UCN8gBVQI4yAEFAgAAOQAnAD0RAACaDQAgCAEAAAMAADoAJwA6SAEC
137=AgAAOwCoAQEDAAA8SQE9tQI9yAFVAj5JATy1Aj/IAVUCQEkBPrUCQcgBVQJCSAHdCkPIAV
138=UCRMgBVQ1FyAFVAkZIAcUIR8gBVQJISAHVDUnIAVUCSkgBzQVLyAFVAkxJATutEE3IAVUC
139=TkgBzRBPyAFVAlBIAcUIUcgBVQJSSAHFCFPIAVUCVEgB3SBVyAFVAlZIAd0KV8gBVQJYSA
140=HECAQLACgA//8AYQAMKCkADSgpAA4oKQAPKCkAECgpABEoKQASKCkAEygpABQoKQAVKCkA
141=FigpABcoKQAYKCkAGSgpABooKQAbKCkAHCgpAB0oKQAeKCkAHygpACAoKQAhKCkAIigpAC
142=MoKQAkKCkAJSgpACYoKQAnKCkAKCgpACkoKQAqKCkAKygpACwoKQAtKCkALigpAC8oKQAw
143=KCkAMSgpADJIAXQ5VTUzyAFFSTRIAWQ/VQI1yAFVAjZIAWxHVQI3yAFVAjjIAVUCOcgBVQ
144=I6SAHdCjvIAVUCPEgBxQg9yAFVAj5IAWxdRQg/yAFVAkDIAVUCQcgBVQJCSAF8TFUCQ8gB
145=VQJESAHdFUXIAVUCRkgBzRBHyAFVAkjIAUUIScgBVQJKSAHFE0vIAVUCTEgB1Q1NyAFVAk
146=7IAUUIT8gBVQJQSAHNEFHIAVUCUkgBzRBTyAFVAlRIAd0KVcgBVQJWyAFdClfIAVUCWEgB
147=1SNZyAFXAgoAKfFsCygpAAwoKQANKCkADigpAA8oKQAQKCkAESgpABIoKQATKCkAFCgpAB
148=UoKQAWKCkAFygpABgoKQAZKCkAGigpABsoKQAcKCkAHSgpAB4oKQAfKCkAICgpACEoKQAi
149=KCkAIygpACQoKQAlKCkAJigpACcoKQAoKCkAKSgpACooKQArKCkALCgpAC0oKQAuKCkALy
150=gpADAoKQAxKCkAMkgBfEFNwDPIAVWnNEgBbEdVAjXIAVUCNkgBbFJVAjfIAVUCOMgBVQI5
151=yAFVAjpIAd0KO8gBVQI8SAHFCD3IAVUCPkgBZEpFCD/IAVUCQMgBVQJByAFVAkJIAWRVVQ
152=JDyAFVAkRIAd0VRcgBVQJGSAHNEEfIAVUCSMgBRQhJyAFVAkpIAcUTS8gBVQJMSAHVDU3I
153=AVUCTsgBRQhPyAFVAlBIAc0QUcgBVQJSSAHNEFPIAVUCVEgB3QpVyAFVAlbIAV0KV8gBVQ
154=JYSAHVI1nIAVUCWkgB3xUJACrpbwooKQALKCkADCgpAA0oKQAOKCkADygpABAoKQARKCkA
155=EigpABMoKQAUKCkAFSgpABYoKQAXKCkAGCgpABkoKQAaKCkAGygpABwoKQAdKCkAHigpAB
156=8oKQAgKCkAISgpACIoKQAjKCkAJCgpACUoKQAmKCkAJygpACgoKQApKCkAKigpACsoKQAs
157=KCkALSgpAC4oKQAvKCkAMCgpADEoKQAySAFsR0WtM8gBTao0SAFkP1UCNcgBVQI2SAFkP1
158=UCN8gBVQI4SAHFCDnIAVUCOkgBxQg7yAFVAjxIAWxSRQg9yAFVAj5IAWxSVQI/yAFVAkBI
159=AdUNQcgBVQJCSAHFCEPIAVUCRMgBRQhFyAFVAkZIAcUIR8gBVQJISAHVDUnIAVUCSkgB3Q
160=pLyAFVAkzIAV0KTcgBVQJOSAHdCk/IAVUCUEgB3QpRyAFVAlJIAd0KU8gBVQJUSAHFCFXI
161=AVUCVkgBzSZXyAFVAlhIAc0FWcgBVQJayAFFE1vIAVcCCAAr4XIJKCkACigpAAsoKQAMKC
162=kADSgpAA4oKQAPKCkAECgpABEoKQASKCkAEygpABQoKQAVKCkAFigpABcoKQAYKCkAGSgp
163=ABooKQAbKCkAHCgpAB0oKQAeKCkAHygpACAoKQAhKCkAIigpACMoKQAkKCkAJSgpACYoKQ
164=AnKCkAKCgpACkoKQAqKCkAKygpACwoKQAtKCkALigpAC8oKQAwKCkAMSgpADJIAWRrVbIz
165=yAFdrzRIAXREVQI1yAFVAjZIAXREVQI3yAFVAjhIAcUIOcgBVQI6SAHFCDvIAVUCPEgBZF
166=VFCD3IAVUCPkgBdFpVAj/IAVUCQEgB1Q1ByAFVAkJIAcUIQ8gBVQJEyAFFCEXIAVUCRkgB
167=xQhHyAFVAkhIAdUNScgBVQJKSAHdCkvIAVUCTMgBXQpNyAFVAk5IAd0KT8gBVQJQSAHdCl
168=HIAVUCUkgB3QpTyAFVAlRIAcUIVcgBVQJWSAHNJlfIAVUCWEgBzQVZyAFVAlrIAUUTW8gB
169=VQJcSAHPEAcALPl0CCgpAAkoKQAKKCkACygpAAwoKQANKCkADigpAA8oKQAQKCkAESgpAB
170=IoKQATKCkAFCgpABUoKQAWKCkAFygpABgoKQAZKCkAGigpABsoKQAcKCkAHSgpAB4oKQAf
171=KCkAICgpACEoKQAiKCkAIygpACQoKQAlKCkAJigpACcoKQAoKCkAKSgpACooKQArKCkALC
172=gpAC0oKQAuKCkALygpADAoKQAxKCkAMkgBfEFVsjPIAVWyNEgBfExVAjXIAVUCNkgBfEFV
173=AjfIAVUCOEgBzQU5yAFVAjpIAd0KO8gBVQI8yAFFCD3IAVUCPsgBVQI/yAFVAkBIAd0KQc
174=gBVQJCSAF0Wk0FQ8gBVQJESAHVDUXIAVUCRkgBxQhHyAFVAkhIAc0FScgBVQJKyAFdCkvI
175=AVUCTEgBdJFVAk3IAVUCTsgBVQJPyAFVAlBIAdUNUcgBVQJSSAHdFVPIAVUCVEgBzQVVyA
176=FVAlZIAcUTV8gBVQJYSAHNBVnIAVUCWkgBxRNbyAFVAlxIAdUNXcgBVwIGAC3xdwcoKQAI
177=KCkACSgpAAooKQALKCkADCgpAA0oKQAOKCkADygpABAoKQARKCkAEigpABMoKQAUKCkAFS
178=gpABYoKQAXKCkAGCgpABkoKQAaKCkAGygpABwoKQAdKCkAHigpAB8oKQAgKCkAISgpACIo
179=KQAjKCkAJCgpACUoKQAmKCkAJygpACgoKQApKCkAKigpACsoKQAsKCkALSgpAC4oKQAvKC
180=kAMCgpADEoKQAySAFsR0W4M8gBRbg0SAFsR1UCNcgBVQI2SAF8eFUCN8gBVQI4SAHNBTnI
181=AVUCOkgB3Qo7yAFVAjzIAUUIPcgBVQI+yAFVAj/IAVUCQEgB3QpByAFVAkJIAWRVTQVDyA
182=FVAkRIAdUNRcgBVQJGSAHFCEfIAVUCSEgBzQVJyAFVAkrIAV0KS8gBVQJMSAF0ZVUCTcgB
183=VQJOyAFVAk/IAVUCUEgB1Q1RyAFVAlJIAd0VU8gBVQJUSAHNBVXIAVUCVkgBxRNXyAFVAl
184=hIAc0FWcgBVQJaSAHFE1vIAVUCXEgB1Q1dyAFVAl5IAd8KBQAu6XoGKCkABygpAAgoKQAJ
185=KCkACigpAAsoKQAMKCkADSgpAA4oKQAPKCkAECgpABEoKQASKCkAEygpABQoKQAVKCkAFi
186=gpABcoKQAYKCkAGSgpABooKQAbKCkAHCgpAB0oKQAeKCkAHygpACAoKQAhKCkAIigpACMo
187=KQAkKCkAJSgpACYoKQAnKCkAKCgpACkoKQAqKCkAKygpACwoKQAtKCkALigpAC8oKQAwKC
188=kAMSgpADJIAWxHRc4zyAFdujRIAXxBVQI1yAFVAjZIAWxHVQI3yAFVAjhIAXxMVQI5yAFV
189=AjpIAc0FO8gBVQI8yAFNBT3IAVUCPkgBxQg/yAFVAkDIAU0FQcgBVQJCSAHdCkPIAVUCRE
190=gBfI5NBUXIAVUCRkgBzQVHyAFVAkhIAdUNScgBVQJKSAHFHkvIAVUCTEgB3QpNyAFVAk5I
191=Ac0FT8gBVQJQSAHVDVHIAVUCUkgB1Q1TyAFVAlRIAcUIVcgBVQJWSAHFCFfIAVUCWEgBxQ
192=hZyAFVAlpIAc0FW8gBVQJcyAFdIF3IAVUCXkgBxQhfyAFXAgQAL+F9BSgpAAYoKQAHKCkA
193=CCgpAAkoKQAKKCkACygpAAwoKQANKCkADigpAA8oKQAQKCkAESgpABIoKQATKCkAFCgpAB
194=UoKQAWKCkAFygpABgoKQAZKCkAGigpABsoKQAcKCkAHSgpAB4oKQAfKCkAICgpACEoKQAi
195=KCkAIygpACQoKQAlKCkAJigpACcoKQAoKCkAKSgpACooKQArKCkALCgpAC0oKQAuKCkALy
196=gpADAoKQAxKCkAMkgBbH5V0zPIAU3ANEgBbFJVAjXIAVUCNkgBfExVAjfIAVUCOEgBZEpV
197=AjnIAVUCOkgBzQU7yAFVAjzIAU0FPcgBVQI+SAHFCD/IAVUCQMgBTQVByAFVAkJIAd0KQ8
198=gBVQJESAFsc00FRcgBVQJGSAHNBUfIAVUCSEgB1Q1JyAFVAkpIAcUeS8gBVQJMSAHdCk3I
199=AVUCTkgBzQVPyAFVAlBIAdUNUcgBVQJSSAHVDVPIAVUCVEgBxQhVyAFVAlZIAcUIV8gBVQ
200=JYSAHFCFnIAVUCWkgBzQVbyAFVAlzIAV0gXcgBVQJeSAHFCF/IAVUCYEgBzxsDADD5fwQo
201=KQAFKCkABigpAAcoKQAIKCkACSgpAAooKQALKCkADCgpAA0oKQAOKCkADygpABAoKQARKC
202=kAEigpABMoKQAUKCkAFSgpABYoKQAXKCkAGCgpABkoKQAaKCgAChsAMAD//wAAAAAAHAAR
203=AACkDQAgCDAA//8AAAAAAB0AJykAHigpAB8oKQAgKCkAISgpACIoKQAjKCkAJCgpACUoKQ
204=AmKCkAJygpACgoKQApKCkAKigpACsoKQAsKCkALSgpAC4oKQAvKCkAMCgpADEoKQAySgE+
205=AV8dAAAzyAFVATTIAV0CNcgBVQI2SQE8XABVAjfIAVUBOEgBxQg5yAFVAjpJAT1cAE0FO8
206=gBVQE8SQE7XABVAj3IAVUBPkgBxQg/yAFVAkBJATpcAE0FQcgBVQFCSAHFCEPIAVUCRMgB
207=TQVFyAFVAkZIAd0KR8gBVQJIyAFNBUnIAVUCSkgBzRtLyAFVAkxIAc0QTcgBVQJOSAHNBU
208=/IAVUCUEgBxR5RyAFVAlJIAd0VU8gBVQJUSAHNBVXIAVUCVkgB1Q1XyAFVAlhIAcUIWcgB
209=VQJaSAHFCFvIAVUCXEgBxR5dyAFVAl5IAd0VX8gBVQJgSAHVDWHIAVcCAgAx5WADKCkABC
210=gpAAUoKQAGKCkABygpAAgoKQAJKCkACigpAAsoKQAMKCkADSgpAA4oKQAPKCkAECgpABEo
211=KQASKCkAEygpABQoKQAVKCkAFigpABcoKQAYKCkAGSgpABooKQAbKCkAHCgpAB0oKQAeKC
212=kAHygpACAoKQAhKCkAIigpACMoKQAkKCkAJSgpACYoKQAnKCkAKCgpACkoKQAqKCkAKygp
213=ACwoKQAtKCkALigpAC8oKQAwKCkAMSgpADJIAWVKAn6DMQBoAQEDAAA0KFUANcgBVQI2SA
214=F8TE0FN8gBVQI4SAF4BlUCOcgBVQI6SAF8V1UCO8gBVQI8SAFsXVUCPcgBVQI+SAHFCD/I
215=AVUCQEgBfFdNBUHIAVUCQkgBxQhDyAFVAkTIAU0FRcgBVQJGSAHdCkfIAVUCSMgBTQVJyA
216=FVAkpIAc0bS8gBVQJMSAHNEE3IAVUCTkgBzQVPyAFVAlBIAcUeUcgBVQJSSAHdFVPIAVUC
217=VEgBzQVVyAFVAlZIAdUNV8gBVQJYSAHFCFnIAVUCWkgBxQhbyAFVAlxIAcUeXcgBVQJeSA
218=HdFV/IAVUCYEgB1Q1hyAFVAmJIAc8FAQAy6YUCKCkAAygpAAQoKQAFKCkABigpAAcoKQAI
219=KCkACSgpAAooKQALKCkADCgpAA0oKQAOKCkADygpABAoKQARKCkAEigpABMoKQAUKCkAFS
220=gpABYoKQAXKCkAGCgpABkoKQAaKCkAGygpABwoKQAdKCkAHigpAB8oKQAgKCkAISgpACIo
221=KQAjKCkAJCgpACUoKQAmKCkAJygpAChIAUTeaQApSAElkSMqKCkAKygpACxIAWAFTQAtSA
222=HNBS4oKQAvKCkAMCgpADEoKQAySAF0T0UIM8gBTcs0SAF0T1UCNcgBVQI2yAFVAjfIAVUC
223=OEgBdE9VAjnIAVUCOkgBdE9VAjvIAVUCPEgB1Q09yAFVAj5IAXxiTQU/yAFVAkBIAcUIQc
224=gBVQJCSAHVDUPIAVUCREgBzQVFyAFVAkZIAd0KR8gBVQJISAHNEEnIAVUCSkgBxQhLyAFV
225=AkxIAc0FTcgBVQJOSAHdCk/IAVUCUMgBVRhRyAFVAlLIAVUCU8gBVQJUSAHVGFXIAVUCVk
226=gB1Q1XyAFVAljIAUUIWcgBVQJayAFVAlvIAVUCXEgB3QpdyAFVAl5IAd0VX8gBVQJgSAHN
227=PGHIAVUCYsgBXQpjyAFXAgIAM+GIAygpAAQoKQAFKCkABigpAAcoKQAIKCkACSgpAAooKQ
228=ALKCkADCgpAA0oKQAOKCkADygpABAoKQARKCkAEigpABMoKQAUKCkAFSgpABYoKQAXKCkA
229=GCgpABkoKQAaKCkAGygpABwoKQAdKCkAHigpAB8oKQAgKCkAISgpACIoKQAjKCkAJCgpAC
230=UoKQAmKCkAJygpACgoKQApKCkAKigpACsoKQAsKCkALSgpAC4oKQAvKCkAMCgpADEoKQAy
231=SAFkVUXvM8gBRc40SAFkSlUCNcgBVQI2yAFVAjfIAVUCOEgBZFVVAjnIAVUCOkgBdHBVAj
232=vIAVUCPEgB1Q09yAFVAj5IAXRaTQU/yAFVAkBIAcUIQcgBVQJCSAHVDUPIAVUCREgBzQVF
233=yAFVAkZIAd0KR8gBVQJISAHNEEnIAVUCSkgBxQhLyAFVAkxIAc0FTcgBVQJOSAHdCk/IAV
234=UCUMgBVRhRyAFVAlLIAVUCU8gBVQJUSAHVGFXIAVUCVkgB1Q1XyAFVAljIAUUIWcgBVQJa
235=yAFVAlvIAVUCXEgB3QpdyAFVAl5IAd0VX8gBVQJgSAHNPGHIAVUCYsgBXQpjyAFXAgMANP
236=WGBCgpAAUoKQAGKCkABygpAAgoKQAJKCkACigpAAsoKQAMKCkADSgpAA4oKQAPKCkAECgp
237=ABEoKQASKCkAEygpABQoKQAVKCkAFigpABcoKQAYKCkAGSgpABooKQAbKCkAHCgpAB0oKQ
238=AeKCkAHygpACAoKQAhKCkAIigpACMoKQAkKCkAJSgpACYoKQAnKCkAKCgpACkoKQAqKCkA
239=KygpACwoKQAtKCkALigpAC8oKQAwKCkAMSgpADJIAXhTQcozyAFByjRIAWBnVQI1yAFVAj
240=ZIAXBLVQI3yAFVAjhIAc0FOcgBVQI6SAFwVk0FO8gBVQI8SAHFCD3IAVUCPkgBzQU/yAFV
241=AkBIAc0FQcgBVQJCyAFdCkPIAVUCRMgBVQJFyAFVAkZIAc0bR8gBVQJIyAFNBUnIAVUCSk
242=gB1RhLyAFVAkxIAXBsTQVNyAFVAk7IAVUCT8gBVQJQSAHVDVHIAVUCUkgBzRtTyAFVAlRI
243=AdUNVcgBVQJWSAHNBVfIAVUCWEgBzRBZyAFVAlpIAc0FW8gBVQJcSAHNEF3IAVUCXkgB1Q
244=1fyAFVAmBIAd0KYcgBVQJiSAHfCgQANf2DBSgpAAYoKQAHKCkACCgpAAkoKQAKKCkACygp
245=AAwoKQANKCkADigpAA8oKQAQKCkAESgpABIoKQATKCkAFCgpABUoKQAWKCkAFygpABgoKQ
246=AZKCkAGigpABsoKQAcKCkAHSgpAB4oKQAfKCkAICgpACEoKQAiKCkAIygpACQoKQAlKCkA
247=JigpACcoKQAoKCkAKSgpACooKQArKCkALCgpAC0oKQAuKCkALygpADAoKQAxKCkAMkgBeE
248=hdxTPIAV3FNEgBeEhVAjXIAVUCNkgBeHRVAjfIAVUCOEgBzQU5yAFVAjpIAXBLTQU7yAFV
249=AjxIAcUIPcgBVQI+SAHNBT/IAVUCQEgBzQVByAFVAkLIAV0KQ8gBVQJEyAFVAkXIAVUCRk
250=gBzRtHyAFVAkjIAU0FScgBVQJKSAHVGEvIAVUCTEgBYGdNBU3IAVUCTsgBVQJPyAFVAlBI
251=AdUNUcgBVQJSSAHNG1PIAVUCVEgB1Q1VyAFVAlZIAc0FV8gBVQJYSAHNEFnIAVUCWkgBzQ
252=VbyAFVAlxIAc0QXcgBVQJeSAHVDV/IAVUCYEgB3QphyAFXAgUANuWBBigpAAcoKQAIKCkA
253=CSgpAAooKQALKCkADCgpAA0oKQAOKCkADygpABAoKQARKCkAEigpABMoKQAUKCkAFSgpAB
254=YoKQAXKCkAGCgpABkoKQAaKCkAGygpABwoKQAdKCkAHigpAB8oKQAgKCkAISgpACIoKQAj
255=KCkAJCgpACUoKQAmKCkAJygpACgoKQApKCkAKigpACsoKQAsKCkALSgpAC4oKQAvKCkAMC
256=gpADEoKQAySAFwQF3bM8gBRcM0SAFwS1UCNcgBVQI2SAF4SFUCN8gBVQI4yAFVAjnIAVUC
257=OkgBxQg7yAFVAjxIAWh6TQU9yAFVAj7IAVUCP8gBVQJAyAFVAkHIAVUCQsgBVQJDyAFVAk
258=RIAcUTRcgBVQJGSAHVDUfIAVUCSEgBaGRFCEnIAVUCSkgBxQhLyAFVAkzIAU0FTcgBVQJO
259=SAHNG0/IAVUCUMgBTQVRyAFVAlJIAd0rU8gBVQJUyAFNBVXIAVUCVsgBVQJXyAFVAljIAV
260=UCWcgBVQJaSAHVGFvIAVUCXEgB1Q1dyAFVAl5IAc0FX8gBVQJgyAFfCgYAN+1+BygpAAgo
261=KQAJKCkACigpAAsoKQAMKCkADSgpAA4oKQAPKCkAECgpABEoKQASKCkAEygpABQoKQAVKC
262=kAFigpABcoKQAYKCkAGSgpABooKQAbKCkAHCgpAB0oKQAeKCkAHygpACAoKQAhKCkAIigp
263=ACMoKQAkKCkAJSgpACYoKQAnKCkAKCgpACkoKQAqKCkAKygpACwoKQAtKCkALigpAC8oKQ
264=AwKCkAMSgpADJIAWhDTdYzyAFVvTRIAWhZVQI1yAFVAjZIAXBhVQI3yAFVAjjIAVUCOcgB
265=VQI6SAHFCDvIAVUCPEgBaG9NBT3IAVUCPsgBVQI/yAFVAkDIAVUCQcgBVQJCyAFVAkPIAV
266=UCREgBxRNFyAFVAkZIAdUNR8gBVQJISAF4XkUIScgBVQJKSAHFCEvIAVUCTMgBTQVNyAFV
267=Ak5IAc0bT8gBVQJQyAFNBVHIAVUCUkgB3StTyAFVAlTIAU0FVcgBVQJWyAFVAlfIAVUCWM
268=gBVQJZyAFVAlpIAdUYW8gBVQJcSAHVDV3IAVUCXkgBzQVfyAFXAgcAOPV7CCgpAAkoKQAK
269=KCkACygpAAwoKQANKCkADigoAAcPADgA//8AAAAAEQAAmA0AIAUAEAA4AP//AGEAESgpAB
270=IoKQATKCkAFCgpABUoKQAWKCkAFygpABgoKQAZKCkAGigpABsoKQAcKCkAHSgpAB4oKQAf
271=KCkAICgpACEoKQAiKCkAIygpACQoKQAlKCkAJigpACcoKQAoKCkAKSgpACooKQArKCkALC
272=gpAC0oKQAuKCkALygpADAoKQAxKCkAMkoBPgFyLgAzyAFVATRJATtcAF0CNcgBVQE2SAHN
273=BTfIAVUCOEkBOlwATQU5yAFVATpJAT1cAFUCO8gBVQE8SQE8XABVAj3IAVUBPkgBzQU/yA
274=FVAkDIAU0FQcgBVQJCyAFVAkPIAVUCRMgBVQJFyAFVAkZIAcUTR8gBVQJISAHNG0nIAVUC
275=SkgBxRNLyAFVAkxIAcUeTcgBVQJOSAHdFU/IAVUCUEgBxQhRyAFVAlJIAc0QU8gBVQJUSA
276=HFCFXIAVUCVkgB1Q1XyAFVAlhIAd0KWcgBVQJaSAHVGFvIAVUCXEgBzQVdyAFVAl7IAVQj
277=AwgAOQD//0MBAAAJKCkACigpAAsoKQAMKCkADSgpAA4oKQAPKCkAECgpABEoKQASKCkAEy
278=gpABQoKQAVKCkAFigpABcoKQAYKCkAGSgpABooKQAbKCkAHCgpAB0oKQAeKCkAHygpACAo
279=KQAhKCkAIigpACMoKQAkKCkAJSgpACYoKQAnKCkAKCgpACkoKQAqKCkAKygpACwoKQAtKC
280=kALigpAC8oKQAwKCkAMSgpADJIAWJGAgBSdzkAaAEBAwAANFQCaENVAjXIAVUCNkgBYARV
281=AjfIAVUCOEgBeFNVAjnIAVUCOkgBeFNVAjvIAVUCPEgBcEtVAj3IAVUCPkgBzQU/yAFVAk
282=DIAU0FQcgBVQJCyAFVAkPIAVUCRMgBVQJFyAFVAkZIAcUTR8gBVQJISAHNG0nIAVUCSkgB
283=xRNLyAFVAkxIAcUeTcgBVQJOSAHdFU/IAVUCUEgBxQhRyAFVAlJIAc0QU8gBVQJUSAHFCF
284=XIAVUCVkgB1Q1XyAFVAlhIAd0KWcgBVQJaSAHVGFvIAVUCXEgBzQVdyAFXAgkAOuV2Cigp
285=AAsoKQAMKCkADSgpAA4oKQAPKCkAECgpABEoKQASKCkAEygpABQoKQAVKCkAFigpABcoKQ
286=AYKCkAGSgpABooKQAbKCkAHCgpAB0oKQAeKCkAHygpACAoKQAhKCkAIigpACMoKQAkKCkA
287=JSgpACYoKQAnKCkAKCgpACkoKQAqKCkAKygpACwoKQAtKCkALigpAC8oKQAwKCkAMSgpAD
288=JIAWA7Wa4zyAFVsjRIAXhIVQI1yAFVAjZIAXhIVQI3yAFVAjhIAcUIOcgBVQI6yAFNBTvI
289=AVUCPEgB3Qo9yAFVAj5IAWhZTQU/yAFVAkBIAWBRVQJByAFVAkJIAc0QQ8gBVQJEyAFNBU
290=XIAVUCRkgB3QpHyAFVAkjIAU0FScgBVQJKSAHVGEvIAVUCTEgB3RVNyAFVAk5IAd0KT8gB
291=VQJQyAFdClHIAVUCUkgB3QpTyAFVAlRIAcUIVcgBVQJWSAHNBVfIAVUCWEgBzRBZyAFVAl
292=pIAc0FW8gBVQJcSAHPBQoAO+1zCygpAAwoKQANKCkADigpAA8oKQAQKCkAESgpABIoKQAT
293=KCkAFCgpABUoKQAWKCkAFygpABgoKQAZKCkAGigpABsoKQAcKCkAHSgpAB4oKQAfKCkAIC
294=gpACEoKQAiKCkAIygpACQoKQAlKCkAJigpACcoKQAoKCkAKSgpACooKQArKCkALCgpAC0o
295=KQAuKCkALygpADAoKQAxKCkAMkgBYDtFzjPIAUWtNEgBYDtVAjXIAVUCNkgBcGFVAjfIAV
296=UCOEgBxQg5yAFVAjrIAU0FO8gBVQI8SAHdCj3IAVUCPkgBeFNNBT/IAVUCQEgBYHJVAkHI
297=AVUCQkgBzRBDyAFVAkTIAU0FRcgBVQJGSAHdCkfIAVUCSMgBTQVJyAFVAkpIAdUYS8gBVQ
298=JMSAHdFU3IAVUCTkgB3QpPyAFVAlDIAV0KUcgBVQJSSAHdClPIAVUCVEgBxQhVyAFVAlZI
299=Ac0FV8gBVQJYSAHNEFnIAVUCWkgBzQVbyAFXAgsAPPVwDCgpAA0oKQAOKCkADygpABAoKQ
300=ARKCkAEigpABMoKQAUKCkAFSgpABYoKQAXKCkAGCgpABkoKQAaKCkAGygpABwoKQAdKCkA
301=HigpAB8oKQAgKCkAISgpACIoKQAjKCkAJCgpACUoKQAmKCkAJygpACgoKQApKCkAKigpAC
302=soKQAsKCkALSgpAC4oKQAvKCkAMCgpADEoKQAySAFgO0W4M8gBTao0SAF4XlUCNcgBVQI2
303=SAF4XlUCN8gBVQI4SAF4SFUCOcgBVQI6SAFoQ1UCO8gBVQI8SAHVDT3IAVUCPkgB1Q0/yA
304=FVAkBIAdUNQcgBVQJCSAHFCEPIAVUCREgBzQVFyAFVAkbIAU0QR8gBVQJISAHdFUnIAVUC
305=SkgBxQhLyAFVAkzIAUUITcgBVQJOSAHdFU/IAVUCUEgBxR5RyAFVAlLIAUUIU8gBVQJUSA
306=HVGFXIAVUCVkgBzRBXyAFVAlhIAdUNWcgBVQJayAFfCgwAPf1tDSgpAA4oKQAPKCkAECgp
307=ABEoKQASKCkAEygpABQoKQAVKCkAFigpABcoKQAYKCkAGSgpABooKQAbKCkAHCgpAB0oKQ
308=AeKCkAHygpACAoKQAhKCkAIigpACMoKQAkKCkAJSgpACYoKQAnKCkAKCgpACkoKQAqKCkA
309=KygpACwoKQAtKCkALigpAC8oKQAwKCkAMSgpADJIAXg9VbIzyAFdpDRIAWA7VQI1yAFVAj
310=ZIAXBAVQI3yAFVAjhIAXBWVQI5yAFVAjpIAWhOVQI7yAFVAjxIAdUNPcgBVQI+SAHVDT/I
311=AVUCQEgB1Q1ByAFVAkJIAcUIQ8gBVQJESAHNBUXIAVUCRsgBTRBHyAFVAkhIAd0VScgBVQ
312=JKSAHFCEvIAVUCTMgBRQhNyAFVAk5IAd0VT8gBVQJQSAHFHlHIAVUCUsgBRQhTyAFVAlRI
313=AdUYVcgBVQJWSAHNEFfIAVUCWEgB1Q1ZyAFXAg0APuVrDigpAA8oKQAQKCkAESgpABIoKQ
314=ATKCkAFCgpABUoKQAWKCkAFygpABgoKQAZKCkAGigpABsoKQAcKCkAHSgpAB4oKQAfKCkA
315=ICgpACEoKQAiKCkAIygpACQoKQAlKCkAJigpACcoKQAoKCkAKSgpACooKQArKCkALCgpAC
316=0oKQAuKCkALygpADAoKQAxKCkAMkgBcEtNnzPIAUWiNEgBaDhVAjXIAVUCNsgBVQI3yAFV
317=AjhIAXBAVQI5yAFVAjrIAVUCO8gBVQI8SAFoTlUCPcgBVQI+yAFVAj/IAVUCQEgBaE5VAk
318=HIAVUCQkgBxRNDyAFVAkRIAd0KRcgBVQJGyAFFCEfIAVUCSEgB3QpJyAFVAkpIAdUYS8gB
319=VQJMSAHVDU3IAVUCTkgBzQVPyAFVAlBIAcUpUcgBVQJSSAHFCFPIAVUCVEgBxQhVyAFVAl
320=ZIAcUIV8gBVQJYSAHPGw4AP+1oDygpABAoKQARKCkAEigpABMoKQAUKCkAFSgpABYoKQAX
321=KCkAGCgpABkoKQAaKCkAGygpABwoKQAdKCkAHigpAB8oKQAgKCkAISgpACIoKQAjKCkAJC
322=gpACUoKQAmKCkAJygpACgoKQApKCkAKigpACsoKQAsKCkALSgpAC4oKQAvKCkAMCgpADEo
323=KQAySAFwNV2kM8gBVZw0SAF4PVUCNcgBVQI2yAFVAjfIAVUCOEgBcEBVAjnIAVUCOsgBVQ
324=I7yAFVAjxIAXBAVQI9yAFVAj7IAVUCP8gBVQJASAFgXFUCQcgBVQJCSAHFE0PIAVUCREgB
325=3QpFyAFVAkbIAUUIR8gBVQJISAHdCknIAVUCSkgB1RhLyAFVAkxIAdUNTcgBVQJOSAHNBU
326=/IAVUCUEgBxSlRyAFVAlJIAcUIU8gBVQJUSAHFCFXIAVUCVkgBxQhXyAFXAg8AQPVlECgp
327=ABEoKQASKCkAEygpABQoKQAVKCkAFigpABcoKQAYKCkAGSgpABooKQAbKCkAHCgpAB0oKQ
328=AeKCkAHygpACAoKQAhKCkAIigpACMoKQAkKCkAJSgpACYoKQAnKCkAKCgpACkoKQAqKCkA
329=KygpACwoKQAtKCkALigpAC8oKQAwKCkAMSgpADJIAWBGXa8zyAFdmTRIAWhOVQI1yAFVAj
330=ZIAc0FN8gBVQI4yAFNBTnIAVUCOkgBxQg7yAFVAjxIAcUIPcgBVQI+SAF4SEUIP8gBVQJA
331=SAHFCEHIAVUCQkgBzQVDyAFVAkTIAUUIRcgBVQJGSAHFCEfIAVUCSEgBYFFNBUnIAVUCSk
332=gBcFZVAkvIAVUCTEgB3RVNyAFVAk5IAc0FT8gBVQJQSAHVDVHIAVUCUkgBxQhTyAFVAlRI
333=Ac0QVcgBVQJWSAHPBRAAQf1iESgpABIoKQATKCkAFCgpABUoKQAWKCkAFygpABgoKQAZKC
334=kAGigpABsoKQAcKCkAHSgpAB4oKQAfKCkAICgpACEoKQAiKCkAIygpACQoKQAlKCkAJigp
335=ACcoKQAoKCkAKSgpACooKQArKCkALCgpAC0oKQAuKCkALygpADAoKAAEMQBBAP//ABEAAN
336=YNACAAAQAAAAAyAEEAPQEAAAIAADMAQQBoAQEDAAA0SQE8tQI1yAFVAjZIAWAETQU3yAFV
337=AjjIAVUCOcgBVQI6SAHFCDvIAVUCPEgBxQg9yAFVAj5JATu1DT/IAVUCQEgBxQhByAFVAk
338=JIAc0FQ8gBVQJEyAFNEEXIAVUCRkgBxQhHyAFVAkhJATq1DUnIAVUCSkkBPrUCS8gBVQJM
339=SAHdFU3IAVUCTkgBzQVPyAFVAlBIAdUNUcgBVQJSSAHFCFPIAVUCVEgBzRBVyAFUAgMRAE
340=IA//9TMgAAEigpABMoKQAUKCkAFSgpABYoKQAXKCkAGCgpABkoKQAaKCkAGygpABwoKQAd
341=KCkAHigpAB8oKQAgKCkAISgpACIoKQAjKCkAJCgpACUoKQAmKCkAJygpACgoKQApKCkAKi
342=gpACsoKQAsKCkALSgpAC4oKQAvKCkAMCgpADEoKQAySAFoOFEtM8gBUT80yAFVAjXIAVUC
343=NsgBVQI3yAFVAjhIAWBRVQI5yAFVAjpIAWA7VQI7yAFVAjxIAXBAVQI9yAFVAj7IAVUCP8
344=gBVQJASAHFE0HIAVUCQkgBcEtNBUPIAVUCRMgBVQJFyAFVAkZIAdUNR8gBVQJISAHFE0nI
345=AVUCSkgB1RhLyAFVAkzIAV0KTcgBVQJOSAHFCE/IAVUCUEgBxQhRyAFVAlJIAd0VU8gBVQ
346=JUSAHPGxIAQ+1dEygpABQoKQAVKCkAFigpABcoKQAYKCkAGSgpABooKQAbKCkAHCgpAB0o
347=KQAeKCkAHygpACAoKQAhKCkAIigpACMoKQAkKCkAJSgpACYoKQAnKCkAKCgpACkoKQAqKC
348=kAKygpACwoKQAtKCkALigpAC8oKQAwKCkAMSgpADJIAWgtRaIzyAFFjDTIAVUCNcgBVQI2
349=yAFVAjfIAVUCOEgBYDtVAjnIAVUCOkgBcEBVAjvIAVUCPEgBaE5VAj3IAVUCPsgBVQI/yA
350=FVAkBIAcUTQcgBVQJCSAFgRk0FQ8gBVQJEyAFVAkXIAVUCRkgB1Q1HyAFVAkhIAcUTScgB
351=VQJKSAHVGEvIAVUCTMgBXQpNyAFVAk5IAcUIT8gBVQJQSAHFCFHIAVUCUkgB3RVTyAFXAh
352=MARPVaFCgpABUoKQAWKCkAFygpABgoKQAZKCkAGigpABsoKQAcKCkAHSgpAB4oKQAfKCkA
353=ICgpACEoKQAiKCkAIygpACQoKQAlKCkAJigpACcoKQAoKCkAKSgpACooKQArKCkALCgpAC
354=0oKQAuKCkALygpADAoKQAxKCkAMkgBeD1VkTPIAU2JNEgBeEhVAjXIAVUCNkgBaDhVAjfI
355=AVUCOEgBcDVVAjnIAVUCOkgBzQU7yAFVAjxIAXg9TQU9yAFVAj5IAdUNP8gBVQJAyAFNBU
356=HIAVUCQkgB3RVDyAFVAkRIAcUIRcgBVQJGSAHNBUfIAVUCSEgBxRNJyAFVAkpIAdUYS8gB
357=VQJMSAHdFU3IAVUCTsgBRRNPyAFVAlBIAc0QUcgBVQJSSAHHCBQARf1XFSgpABYoKQAXKC
358=kAGCgpABkoKQAaKCkAGygpABwoKQAdKCkAHigpAB8oKQAgKCkAISgpACIoKQAjKCkAJCgp
359=ACUoKQAmKCkAJygpACgoKQApKCkAKigpACsoKQAsKCkALSgpAC4oKQAvKCkAMCgpADEoKQ
360=AySAFgO0WMM8gBXYM0SAFgMFUCNcgBVQI2SAF4PVUCN8gBVQI4SAF4PVUCOcgBVQI6SAHN
361=BTvIAVUCPEgBaDhNBT3IAVUCPkgB1Q0/yAFVAkDIAU0FQcgBVQJCSAHdFUPIAVUCREgBxQ
362=hFyAFVAkZIAc0FR8gBVQJISAHFE0nIAVUCSkgB1RhLyAFVAkxIAd0VTcgBVQJOyAFFE0/I
363=AVUCUEgBzRBRyAFXAhUARuVVFigpABcoKQAYKCkAGSgpABooKQAbKCkAHCgpAB0oKQAeKC
364=kAHygpACAoKQAhKCkAIigpACMoKQAkKCkAJSgpACYoKQAnKCkAKCgpACkoKQAqKCkAKygp
365=ACwoKQAtKCkALigpAC8oKQAwKCkAMSgpADJIAWAwXYMzyAFFgTRIAWgtVQI1yAFVAjZIAW
366=A7VQI3yAFVAjhIAcUIOcgBVQI6yAFNBTvIAVUCPMgBVQI9yAFVAj5IAdUNP8gBVQJASAHV
367=DUHIAVUCQkgBzQVDyAFVAkTIAV0KRcgBVQJGyAFVAkfIAVUCSEgB3QpJyAFVAkpIAdUYS8
368=gBVQJMSAHVDU3IAVUCTkgBeF5dCk/IAVUCUEgB3woWAEftUhcoKQAYKCkAGSgpABooKQAb
369=KCkAHCgpAB0oKQAeKCkAHygpACAoKQAhKCkAIigpACMoKQAkKCkAJSgpACYoKQAnKCkAKC
370=gpACkoKQAqKCkAKygpACwoKQAtKCkALigpAC8oKQAwKCkAMSgpADJIAWAwTX4zyAFVezRI
371=AWAwVQI1yAFVAjZIAWgtVQI3yAFVAjhIAcUIOcgBVQI6yAFNBTvIAVUCPMgBVQI9yAFVAj
372=5IAdUNP8gBVQJASAHVDUHIAVUCQkgBzQVDyAFVAkTIAV0KRcgBVQJGyAFVAkfIAVUCSEgB
373=3QpJyAFVAkpIAdUYS8gBVQJMSAHVDU3IAVUCTkgBYFFdCk/IAVcCFwBI9U8YKCkAGSgpAB
374=ooKQAbKCkAHCgpAB0oKQAeKCkAHygpACAoKQAhKCkAIigpACMoKQAkKCkAJSgpACYoKQAn
375=KCkAKCgpACkoKQAqKCkAKygpACwoKQAtKCkALigpAC8oKQAwKCkAMSgpADJIAWgtXXgzyA
376=FdeDRIAWDVVQI1yAFVAjZIAWAwVQI3yAFVAjhIAWg4VQI5yAFVAjpIAcUIO8gBVQI8SAHN
377=BT3IAVUCPkgBzQU/yAFVAkBIAcUTQcgBVQJCyAFVDUPIAVUCREgB3QpFyAFVAkZIAd0KR8
378=gBVQJISAHNBUnIAVUCSkgBeEhdCkvIAVUCTEgBxQhNyAFVAk5IAd8gGABJ/UwZKCkAGigp
379=ABsoKQAcKCkAHSgpAB4oKQAfKCkAICgpACEoKQAiKCkAIygpACQoKQAlKCkAJigpACcoKQ
380=AoKCkAKSgpACooKQArKCkALCgpAC0oKQAuKCkALygpADAoKQAxKCkAMkgBaDhNczPIAU1z
381=NEgBcCpVAjXIAVUCNkgBcCpVAjfIAVUCOEgBcDVVAjnIAVUCOkgBxQg7yAFVAjxIAc0FPc
382=gBVQI+SAHNBT/IAVUCQEgBxRNByAFVAkLIAVUNQ8gBVQJESAHdCkXIAVUCRkgB3QpHyAFV
383=AkhIAc0FScgBVQJKSAFwS10KS8gBVQJMSAHFCE3IAVcCGQBK5UoaKCkAGygpABwoKQAdKC
384=kAHigpAB8oKQAgKCkAISgpACIoKQAjKCkAJCgpACUoKQAmKCkAJygpACgoKQApKCkAKigp
385=ACsoKQAsKCkALSgpAC4oKQAvKCkAMCgpADEoKQAySAFwKk1zM8gBVXA0SAFgRlUCNcgBVQ
386=I2SAFgO1UCN8gBVQI4SAFoLVUCOcgBVQI6SAHFCDvIAVUCPEgB1Q09yAFVAj7IAUUIP8gB
387=VQJASAHFCEHIAVUCQkgBxQhDyAFVAkRIAXBARQhFyAFVAkZIAcUTR8gBVQJISAHVGEnIAV
388=UCSkgBzQVLyAFVAkxIAc8FGgBL7UcbKCkAHCgpAB0oKQAeKCkAHygpACAoKQAhKCkAIigp
389=ACMoKQAkKCkAJSgpACYoKQAnKCkAKCgpACkoKQAqKCkAKygpACwoKQAtKCkALigpAC8oKQ
390=AwKCkAMSgpADJIAWAwXW0zyAFFazRIAXA1VQI1yAFVAjZIAXgnVQI3yAFVAjhIAWgtVQI5
391=yAFVAjpIAcUIO8gBVQI8SAHVDT3IAVUCPsgBRQg/yAFVAkBIAcUIQcgBVQJCSAHFCEPIAV
392=UCREgBYEZFCEXIAVUCRkgBxRNHyAFVAkhIAdUYScgBVQJKSAHNBUvIAVcCGwBM9UQcKCkA
393=HSgpAB4oKQAfKCkAICgpACEoKQAiKCkAIygpACQoKQAlKCkAJigpACcoKQAoKCkAKSgpAC
394=ooKQArKCkALCgpAC0oKQAuKCkALygpADAoKQAxKCkAMkgBcCpVcDPIAU1oNEgBYCVVAjXI
395=AVUCNkgBzQU3yAFVAjhIAWg4TQU5yAFVAjpIAWg4VQI7yAFVAjxIAcUIPcgBVQI+SAFwNU
396=0FP8gBVQJASAHdCkHIAVUCQkgBxRNDyAFVAkRIAc0FRcgBVQJGSAHVDUfIAVUCSEgBxQhJ
397=yAFVAkpIAc8QHABN/UEdKCkAHigpAB8oKQAgKCkAISgpACIoKQAjKCkAJCgpACUoKQAmKC
398=kAJygpACgoKQApKCkAKigpACsoKQAsKCkALSgpAC4oKQAvKCkAMCgpADEoKQAySAFgJUVr
399=M8gBXWI0SAFgJVUCNcgBVQI2SAHNBTfIAVUCOEgBYDBNBTnIAVUCOkgBcEBVAjvIAVUCPE
400=gBxQg9yAFVAj5IAWAwTQU/yAFVAkBIAd0KQcgBVQJCSAHFE0PIAVUCREgBzQVFyAFVAkZI
401=AdUNR8gBVQJISAHFCEnIAVcCHQBO5T8eKCkAHygpACAoKQAhKCkAIigpACMoKQAkKCkAJS
402=gpACYoKQAnKCkAKCgpACkoKQAqKCkAKygpACwoKQAtKCkALigpAC8oKQAwKCkAMSgpADJI
403=AWAlXW0zyAFFYDRIAQg6AQAAAAAANQBOABEAAFYJshQJOgEAAAEAADYATgA+SAEBAAAAN8
404=gBVQE4SQE7XABVAjnIAVUBOkkBPFwAVQI7yAFVATxJAT1cAFUCPcgBVQE+yAFVAj/IAVUC
405=QEgB1Q1ByAFVAkJIAdUNQ8gBVQJESAHdCkXIAVUCRkgBaBddCkfIAVUCSEgBzAUDHgBPAP
406=//WwMAAB8oKQAgKCkAISgpACIoKQAjKCkAJCgpACUoKQAmKCkAJygpACgoKQApKCkAKigp
407=ACsoKQAsKCkALSgpAC4oKQAvKCkAMCgpADEoKQAySAF4JwECAAAzyAEBAwAANEgBaCJVAj
408=XIAVUCNkgBzQU3yAFVAjhIAWgtTQU5yAFVAjpIAWA7VQI7yAFVAjxIAXAqVQI9yAFVAj7I
409=AVUCP8gBVQJASAHVDUHIAVUCQkgB1Q1DyAFVAkRIAd0KRcgBVQJGSAHVGEfIAVcCHwBQ9T
410=kgKCkAISgpACIoKQAjKCkAJCgpACUoKQAmKCkAJygpACgoKQApKCkAKigpACsoKQAsKCkA
411=LSgpAC4oKQAvKCkAMCgpADEoKQAySAFgJUFUM8gBXVc0SAFgJVUCNcgBVQI2SAFoIlUCN8
412=gBVQI4SAHFCDnIAVUCOkgBxQg7yAFVAjxIAc0FPcgBVQI+SAHNBT/IAVUCQEgB1Q1ByAFV
413=AkJIAXA1TRBDyAFVAkRIAd0KRcgBVQJGSAHPBSAAUf02ISgpACIoKQAjKCkAJCgpACUoKQ
414=AmKCkAJygpACgoKQApKCkAKigpACsoKQAsKCkALSgpAC4oKQAvKCkAMCgpADEoKQAySAF4
415=HE1dM8gBTVI0SAF4J1UCNcgBVQI2SAF4J1UCN8gBVQI4SAHFCDnIAVUCOkgBxQg7yAFVAj
416=xIAc0FPcgBVQI+SAHNBT/IAVUCQEgB1Q1ByAFVAkJIAWAwTRBDyAFVAkRIAd0KRcgBVwIh
417=AFLlNCIoKQAjKCkAJCgpACUoKQAmKCkAJygpACgoKQApKCkAKigpACsoKQAsKCkALSgpAC
418=4oKQAvKCkAMCgpADEoKQAySAF4lU1SM8gBVU80SAF4HFUCNcgBVQI2SAFoIlUCN8gBVQI4
419=yAFVAjnIAVUCOkgB3Qo7yAFVAjxIAWAwTQU9yAFVAj5IAdUNP8gBVQJASAHNBUHIAVUCQk
420=gB3QpDyAFVAkRIAWg4XwoiAFPtMSMoKQAkKCkAJSgpACYoKQAnKCkAKCgpACkoKQAqKCkA
421=KygpACwoKQAtKCkALigpAC8oKQAwKCkAMSgpADJIAWAaXUwzyAFFSjRIAWgiVQI1yAFVAj
422=ZIAWAwVQI3yAFVAjjIAVUCOcgBVQI6SAHdCjvIAVUCPEgBcCpNBT3IAVUCPkgB1Q0/yAFV
423=AkBIAc0FQcgBVQJCSAHdCkPIAVcCIwBU9S4kKCkAJSgpACYoKQAnKCkAKCgpACkoKQAqKC
424=kAKygpACwoKQAtKCkALigpAC8oKQAwKCkAMSgpADJIAXgnVUQzyAFNRzRIAXAfVQI1yAFV
425=AjZIAc0FN8gBVQI4SAHNBTnIAVUCOkgBzQU7yAFVAjzIAV0KPcgBVQI+SAHFVT/IAVUCQE
426=gB3QpByAFVAkJIAWAwRwgkAFX9KyUoKQAmKCkAJygpACgoKQApKCkAKigpACsoKQAsKCkA
427=LSgpAC4oKQAvKCkAMCgpADEoKQAySAFwH0VKM8gBXUE0SAFgGlUCNcgBVQI2SAHNBTfIAV
428=UCOEgBzQU5yAFVAjpIAc0FO8gBVQI8yAFdCj3IAVUCPkgBcCpVAj/IAVUCQEgB3QpByAFX
429=AiUAVuUpJigpACcoKQAoKCkAKSgpACooKQArKCkALCgpAC0oKQAuKCkALygpADAoKQAxKC
430=kAMkgBaBdNPDPIAUU/NEgBaBdVAjXIAVUCNkgB3UE3yAFVAjjIAU0FOcgBVQI6SAF4dFUC
431=O8gBVQI8SAFwKlUCPcgBVQI+SAHNED/IAVUCQEgBxwgmAFftJicoKQAoKCkAKSgpACooKQ
432=ArKCkALCgpAC0oKQAuKCkALygpADAoKQAxKCkAMkgBcBRNPDPIAVU5NEgBYCVVAjXIAVUC
433=NkgBYCVVAjfIAVUCOMgBVQI5yAFVAjpIAXgcVQI7yAFVAjxIAWAlVQI9yAFVAj5IAc0QP8
434=gBVwInAFj1IygoKQApKCkAKigpACsoKQAsKCkALSgpAC4oKQAvKCkAMCgpADEoKQAySAF4
435=EVU5M8gBXTY0SAFwH1UCNcgBVQI2yAFVAjfIAVUCOMgBVQI5yAFVAjrIAVUCO8gBVQI8SA
436=HVDT3IAVUCPkgB1w0oAFn9ICkoKQAqKCkAKygpACwoKQAtKCkALigpAC8oKQAwKCkAMSgp
437=ADJIAXgRRTQzyAFNMTRIAXgRVQI1yAFVAjbIAVUCN8gBVQI4yAFVAjnIAVUCOsgBVQI7yA
438=FVAjxIAdUNPcgBVwIpAFrlHiooKQArKCkALCgpAC0oKQAuKCkALygpADAoKQAxKCkAMkgB
439=eFNNMTPIAVUuNMgBVQI1yAFVAjbIAVUCN8gBVQI4SAFoWVUCOcgBVQI6yAFVAjvIAVUCPE
440=gBeBxXAioAW+0bKygpACwoKQAtKCkALigpAC8oKQAwKCkAMSgpADJIAWAaXSszyAFFKTTI
441=AVUCNcgBVQI2yAFVAjfIAVUCOEgBYBpVAjnIAVUCOsgBVQI7yAFXAisAXPUYLCgpAC0oKQ
442=AuKCkALygpADAoKQAxKCkAMkgBcI1VIzPIAU0mNMgBVQI1yAFVAjZIAWBRVQI3yAFVAjhI
443=AXAfVQI5yAFVAjpIAdcuLABd/RUtKCkALigpAC8oKQAwKCkAMSgpADJIAXAUXSAzyAFdID
444=TIAVUCNcgBVQI2SAFwFFUCN8gBVQI4SAFwFFUCOcgBVwItAF7lEy4oKQAvKCkAMCgpADEo
445=KQAySAF4EUUeM8gBRR40SAHFHjXIAVUCNkgBeBFNBTfIAVUCOEgBxwguAF/tEC8oKQAwKC
446=kAMSgpADJIAXgGVRgzyAFVGDRIAWAPVQI1yAFVAjZIAWAPVQI3yAFXAi8AYPUNMCgpADEo
447=KQAySAFgJV0VM8gBXRU0SAF4U1UCNcgBVQI2SAFoDFcCMABh/QoxKCkAMkgBcAlNEDPIAU
448=0QNEgBcAlVAjXIAVcCMQBi5QgySAF4Bl0KM8gBVQ00SAHUDQEyAGMAYARECAgzAGMAPAEA
449=AAMAABEAAA==

[Lighting]
Red=1.000000
Blue=1.000000
Green=1.000000
Level=0.032000
Ground=0.000000
IonRed=1.000000
Ambient=1.000000
IonBlue=1.000000
IonGreen=1.000000
IonLevel=0.032000
IonGround=0.000000
IonAmbient=1.000000
DominatorRed=0.850000
DominatorBlue=0.300000
DominatorGreen=0.200000
DominatorLevel=0.000000
DominatorGround=0.000000
DominatorAmbient=1.500000
DominatorAmbientChangeRate=0.009000

[Map]
Size=0,0,50,50
Theater=TEMPERATE
LocalSize=2,4,46,44

[Neutral House]
IQ=5
Edge=North
Color=Grey
Allies=Neutral House
Country=Neutral
Credits=0
NodeCount=0
TechLevel=10
PercentBuilt=100
PlayerControl=no

[OverlayDataPack]
1=BQAAIP4AIACABQAAIP4AIACABQAAIP4AIACABQAAIP4AIACABQAAIP4AIACABQAAIP4AIA
2=CABQAAIP4AIACABQAAIP4AIACABQAAIP4AIACABQAAIP4AIACABQAAIP4AIACABQAAIP4A
3=IACABQAAIP4AIACABQAAIP4AIACABQAAIP4AIACABQAAIP4AIACABQAAIP4AIACABQAAIP
4=4AIACABQAAIP4AIACABQAAIP4AIACABQAAIP4AIACABQAAIP4AIACABQAAIP4AIACABQAA
5=IP4AIACABQAAIP4AIACABQAAIP4AIACABQAAIP4AIACABQAAIP4AIACABQAAIP4AIACABQ
6=AAIP4AIACABQAAIP4AIACABQAAIP4AIACA

[OverlayPack]
1=BQAAIP4AIP+ABQAAIP4AIP+ABQAAIP4AIP+ABQAAIP4AIP+ABQAAIP4AIP+ABQAAIP4AIP
2=+ABQAAIP4AIP+ABQAAIP4AIP+ABQAAIP4AIP+ABQAAIP4AIP+ABQAAIP4AIP+ABQAAIP4A
3=IP+ABQAAIP4AIP+ABQAAIP4AIP+ABQAAIP4AIP+ABQAAIP4AIP+ABQAAIP4AIP+ABQAAIP
4=4AIP+ABQAAIP4AIP+ABQAAIP4AIP+ABQAAIP4AIP+ABQAAIP4AIP+ABQAAIP4AIP+ABQAA
5=IP4AIP+ABQAAIP4AIP+ABQAAIP4AIP+ABQAAIP4AIP+ABQAAIP4AIP+ABQAAIP4AIP+ABQ
6=AAIP4AIP+ABQAAIP4AIP+ABQAAIP4AIP+A

[Russians House]
IQ=5
Edge=North
Color=DarkRed
Allies=Russians House
Country=Russians
Credits=0
NodeCount=0
TechLevel=10
PercentBuilt=100
PlayerControl=no

[ScriptTypes]
0=01000025
1=01000026
2=01000027

[Special House]
IQ=5
Edge=North
Color=Grey
Allies=Special House
Country=Special
Credits=0
NodeCount=0
TechLevel=10
PercentBuilt=100
PlayerControl=no

[SpecialFlags]
Inert=no
FogOfWar=no
IonStorms=no
MCVDeploy=no
Meteorites=no
Visceroids=yes
FixedAlliance=no
TiberiumGrows=yes
InitialVeteran=no
HarvesterImmune=no
TiberiumSpreads=yes
TiberiumExplosive=no
DestroyableBridges=yes

[Tags]
01000001=0,AI Auto Production 韓 1,01000000
01000003=0,AI Auto Production 法 House,01000002
01000005=0,AI Auto Production 德 House,01000004
01000007=0,AI Auto Production 英 House,01000006
01000009=0,AI Auto Production 利比x> House,01000008
01000011=0,AI Auto Production 伊拉x> House,01000010
01000013=0,AI Auto Production 古 House,01000012
01000015=0,AI Auto Production 蘇 House,01000014
01000017=0,AI Auto Production 尤 House,01000016
01000019=0,AI Auto Production 平 House,01000018
01000021=0,AI Auto Production 治安x> House,01000020
01000030=0,0 兩棲運輸艇 1 美國大兵 5 譚雅 1 1,01000029
01000033=0,1 兩棲運輸艇 1 1,01000032
01000035=0,2 譚雅 1 1,01000034
01000038=0,3 1,01000037

[TaskForces]
0=01000022
1=01000023
2=01000024

[TeamTypes]
0=01000028
1=01000031
2=01000036

[Triggers]
01000000=Alliance,<none>,AI Auto Production 韓,0,1,1,1,0
01000002=French,<none>,AI Auto Production 法,0,1,1,1,0
01000004=Germans,<none>,AI Auto Production 德,0,1,1,1,0
01000006=British,<none>,AI Auto Production 英,0,1,1,1,0
01000008=Africans,<none>,AI Auto Production 利比x>,0,1,1,1,0
01000010=Arabs,<none>,AI Auto Production 伊拉x>,0,1,1,1,0
01000012=Confederation,<none>,AI Auto Production 古,0,1,1,1,0
01000014=Russians,<none>,AI Auto Production 蘇,0,1,1,1,0
01000016=YuriCountry,<none>,AI Auto Production 尤,0,1,1,1,0
01000018=Neutral,<none>,AI Auto Production 平,0,1,1,1,0
01000020=Special,<none>,AI Auto Production 治安x>,0,1,1,1,0
01000029=Americans,<none>,0 兩棲運輸艇 1 美國大兵 5 譚雅 1,0,1,1,1,0
01000032=French,<none>,1 兩棲運輸艇 1,0,1,1,1,0
01000034=Germans,<none>,2 譚雅 1,0,1,1,1,0
01000037=Americans,<none>,3,0,1,1,1,0

[VariableNames]
0=111,0
1=222,0

[Waypoints]
0=50056
1=50044
2=50040
98=50050
99=49050

[YuriCountry House]
IQ=5
Edge=North
Color=DarkRed
Allies=YuriCountry House
Country=YuriCountry
Credits=0
NodeCount=0
TechLevel=10
PercentBuilt=100
PlayerControl=no



[Digest]
1=b9WUBfJ4yHJZ69Gp1Gbkc0J45YA=

